src/app/modules/auth/user.route.ts(31,36): error TS2339: Property 'WORKSHOP' does not exist on type '{ USER: "USER"; OPERATOR: "OPERATOR"; ADMIN: "ADMIN"; }'.
src/app/modules/auth/user.route.ts(36,36): error TS2339: Property 'WORKSHOP' does not exist on type '{ USER: "USER"; OPERATOR: "OPERATOR"; ADMIN: "ADMIN"; }'.
src/app/modules/auth/user.route.ts(41,36): error TS2339: Property 'WORKSHOP' does not exist on type '{ USER: "USER"; OPERATOR: "OPERATOR"; ADMIN: "ADMIN"; }'.
src/app/modules/auth/user.route.ts(46,36): error TS2339: Property 'WORKSHOP' does not exist on type '{ USER: "USER"; OPERATOR: "OPERATOR"; ADMIN: "ADMIN"; }'.
src/app/modules/auth/user.service.ts(128,7): error TS2353: Object literal may only specify known properties, and 'bikes' does not exist in type 'UserSelect<DefaultArgs>'.
src/app/modules/auth/user.service.ts(173,7): error TS2353: Object literal may only specify known properties, and 'bikes' does not exist in type 'UserSelect<DefaultArgs>'.
src/app/modules/auth/user.service.ts(219,7): error TS2353: Object literal may only specify known properties, and 'bikes' does not exist in type 'UserSelect<DefaultArgs>'.
src/app/modules/auth/user.service.ts(488,33): error TS2339: Property 'workshop' does not exist on type 'PrismaClient<{ adapter: PrismaPg; }, never, DefaultArgs>'.
src/app/modules/auth/user.service.ts(542,31): error TS2694: Namespace '"D:/Anar/WEB-STA/lukeattisha/lukeattisha-server/node_modules/.pnpm/@prisma+client@7.1.0_prisma_3991381a5a3b649d38ba5bf382c78fc4/node_modules/.prisma/client/index".Prisma' has no exported member 'JobWhereInput'.
src/app/modules/auth/user.service.ts(564,33): error TS2694: Namespace '"D:/Anar/WEB-STA/lukeattisha/lukeattisha-server/node_modules/.pnpm/@prisma+client@7.1.0_prisma_3991381a5a3b649d38ba5bf382c78fc4/node_modules/.prisma/client/index".Prisma' has no exported member 'JobWhereInput'.
src/app/modules/auth/user.service.ts(566,31): error TS2339: Property 'job' does not exist on type 'PrismaClient<{ adapter: PrismaPg; }, never, DefaultArgs>'.
src/app/modules/auth/user.service.ts(583,30): error TS2339: Property 'job' does not exist on type 'PrismaClient<{ adapter: PrismaPg; }, never, DefaultArgs>'.
src/app/modules/auth/user.service.ts(594,31): error TS2339: Property 'booking' does not exist on type 'PrismaClient<{ adapter: PrismaPg; }, never, DefaultArgs>'.
src/app/modules/category/category.service.ts(1,20): error TS2307: Cannot find module 'src/app/shared/prisma.js' or its corresponding type declarations.
src/app/modules/category/category.service.ts(3,22): error TS2307: Cannot find module 'src/app/errors/ApiError.js' or its corresponding type declarations.
src/app/modules/category/category.validation.ts(6,7): error TS2769: No overload matches this call.
  Overload 1 of 2, '(params?: string | { error?: string | $ZodErrorMap<$ZodIssueInvalidType<unknown>> | undefined; message?: string | undefined; } | undefined): ZodString', gave the following error.
    Object literal may only specify known properties, and 'required_error' does not exist in type '{ error?: string | $ZodErrorMap<$ZodIssueInvalidType<unknown>> | undefined; message?: string | undefined; }'.
  Overload 2 of 2, '(params?: string | { error?: string | $ZodErrorMap<$ZodIssueInvalidType<unknown>> | undefined; message?: string | undefined; } | undefined): $ZodType<...>', gave the following error.
    Object literal may only specify known properties, and 'required_error' does not exist in type '{ error?: string | $ZodErrorMap<$ZodIssueInvalidType<unknown>> | undefined; message?: string | undefined; }'.
src/app/modules/favorite/favorite.service.ts(1,20): error TS2307: Cannot find module 'src/app/shared/prisma.js' or its corresponding type declarations.
src/app/modules/favorite/favorite.service.ts(3,22): error TS2307: Cannot find module 'src/app/errors/ApiError.js' or its corresponding type declarations.
src/app/modules/operator/operator.service.ts(1,20): error TS2307: Cannot find module 'src/app/shared/prisma.js' or its corresponding type declarations.
src/app/modules/operator/operator.service.ts(7,22): error TS2307: Cannot find module 'src/app/errors/ApiError.js' or its corresponding type declarations.
src/app/modules/service/service.service.ts(1,20): error TS2307: Cannot find module 'src/app/shared/prisma.js' or its corresponding type declarations.
src/app/modules/service/service.service.ts(8,22): error TS2307: Cannot find module 'src/app/errors/ApiError.js' or its corresponding type declarations.
src/app/routes/index.ts(3,28): error TS2307: Cannot find module '../modules/bike/bike.routes.js' or its corresponding type declarations.
src/app/routes/index.ts(4,31): error TS2307: Cannot find module '../modules/booking/booking.routes.js' or its corresponding type declarations.
src/app/routes/index.ts(6,27): error TS2307: Cannot find module '../modules/job/job.routes.js' or its corresponding type declarations.
src/app/routes/index.ts(7,32): error TS2307: Cannot find module '../modules/jobOffer/jobOffer.routes.js' or its corresponding type declarations.
src/app/routes/index.ts(8,32): error TS2307: Cannot find module '../modules/workshop/workshop.routes.js' or its corresponding type declarations.
src/app/routes/index.ts(9,28): error TS2307: Cannot find module '../modules/blog/blog.routes.js' or its corresponding type declarations.
src/app/routes/index.ts(10,36): error TS2307: Cannot find module '../modules/blogCategory/blogCategory.routes.js' or its corresponding type declarations.
src/app/routes/index.ts(11,36): error TS2307: Cannot find module '../modules/notification/notification.routes.js' or its corresponding type declarations.
src/app/routes/index.ts(12,40): error TS2307: Cannot find module '../modules/chatNotification/chatNotification.routes.js' or its corresponding type declarations.
src/app/routes/index.ts(13,30): error TS2307: Cannot find module '../modules/review/review.route.js' or its corresponding type declarations.
src/app/routes/index.ts(14,31): error TS2307: Cannot find module '../modules/invoice/invoice.route.js' or its corresponding type declarations.
src/app/routes/index.ts(15,33): error TS2307: Cannot find module '../modules/analytics/analytics.route.js' or its corresponding type declarations.
src/app/routes/index.ts(16,28): error TS2307: Cannot find module '../modules/chat/chat.routes.js' or its corresponding type declarations.
src/app/routes/index.ts(93,12): error TS2304: Cannot find name 'NewsletterRouter'.
src/app/routes/index.ts(97,12): error TS2304: Cannot find name 'PlatformDataRouter'.
src/app/routes/index.ts(101,12): error TS2552: Cannot find name 'ServiceCategoryRouter'. Did you mean 'CategoryRouter'?
src/helpers.ts/socketHelper.ts(5,29): error TS2307: Cannot find module '../app/modules/chat/chat.service.js' or its corresponding type declarations.
src/helpers.ts/socketHelper.ts(63,13): error TS2353: Object literal may only specify known properties, and 'chatRoomId' does not exist in type 'ChatNotificationData'.
src/helpers.ts/socketHelper.ts(97,50): error TS2694: Namespace '"D:/Anar/WEB-STA/lukeattisha/lukeattisha-server/node_modules/.pnpm/@prisma+client@7.1.0_prisma_3991381a5a3b649d38ba5bf382c78fc4/node_modules/.prisma/client/index".Prisma' has no exported member 'NotificationCreateInput'.
src/helpers.ts/socketHelper.ts(104,28): error TS2694: Namespace '"D:/Anar/WEB-STA/lukeattisha/lukeattisha-server/node_modules/.pnpm/@prisma+client@7.1.0_prisma_3991381a5a3b649d38ba5bf382c78fc4/node_modules/.prisma/client/index".Prisma' has no exported member 'NotificationCreateInput'.
src/helpers.ts/socketHelper.ts(105,17): error TS2339: Property 'title' does not exist on type 'NotificationData'.
src/helpers.ts/socketHelper.ts(106,16): error TS2339: Property 'body' does not exist on type 'NotificationData'.
src/helpers.ts/socketHelper.ts(107,18): error TS2339: Property 'isRead' does not exist on type 'NotificationData'.
src/helpers.ts/socketHelper.ts(108,26): error TS2339: Property 'receiverUserId' does not exist on type 'NotificationData'.
src/helpers.ts/socketHelper.ts(109,30): error TS2339: Property 'receiverWorkshopId' does not exist on type 'NotificationData'.
src/helpers.ts/socketHelper.ts(110,25): error TS2339: Property 'triggeredById' does not exist on type 'NotificationData'.
src/helpers.ts/socketHelper.ts(111,17): error TS2339: Property 'jobId' does not exist on type 'NotificationData'.
src/helpers.ts/socketHelper.ts(112,21): error TS2339: Property 'bookingId' does not exist on type 'NotificationData'.
src/helpers.ts/socketHelper.ts(113,21): error TS2339: Property 'invoiceId' does not exist on type 'NotificationData'.
src/helpers.ts/socketHelper.ts(114,21): error TS2339: Property 'eventType' does not exist on type 'NotificationData'.
src/helpers.ts/socketHelper.ts(118,37): error TS2339: Property 'notification' does not exist on type 'PrismaClient<{ adapter: PrismaPg; }, never, DefaultArgs>'.
src/helpers.ts/socketHelper.ts(127,12): error TS2339: Property 'receiverWorkshopId' does not exist on type 'NotificationData'.
src/helpers.ts/socketHelper.ts(127,57): error TS2339: Property 'receiverWorkshopId' does not exist on type 'NotificationData'.
src/helpers.ts/socketHelper.ts(131,12): error TS2339: Property 'receiverUserId' does not exist on type 'NotificationData'.
src/helpers.ts/socketHelper.ts(131,49): error TS2339: Property 'receiverUserId' does not exist on type 'NotificationData'.
src/helpers.ts/socketHelper.ts(153,54): error TS2694: Namespace '"D:/Anar/WEB-STA/lukeattisha/lukeattisha-server/node_modules/.pnpm/@prisma+client@7.1.0_prisma_3991381a5a3b649d38ba5bf382c78fc4/node_modules/.prisma/client/index".Prisma' has no exported member 'ChatNotificationCreateInput'.
src/helpers.ts/socketHelper.ts(162,37): error TS2339: Property 'chatNotification' does not exist on type 'PrismaClient<{ adapter: PrismaPg; }, never, DefaultArgs>'.
