node_modules/.pnpm/@prisma+client-runtime-utils@7.1.0/node_modules/@prisma/client-runtime-utils/dist/index.d.ts(4,5): error TS18028: Private identifiers are only available when targeting ECMAScript 2015 and higher.
node_modules/.pnpm/@prisma+client-runtime-utils@7.1.0/node_modules/@prisma/client-runtime-utils/dist/index.d.ts(10,5): error TS18028: Private identifiers are only available when targeting ECMAScript 2015 and higher.
node_modules/.pnpm/@prisma+client-runtime-utils@7.1.0/node_modules/@prisma/client-runtime-utils/dist/index.d.ts(316,5): error TS18028: Private identifiers are only available when targeting ECMAScript 2015 and higher.
src/app/modules/auth/user.service.ts(1,8): error TS1259: Module '"D:/Anar/WEB-STA/lukeattisha/lukeattisha-server/node_modules/.pnpm/bcryptjs@3.0.3/node_modules/bcryptjs/umd/index"' can only be default-imported using the 'esModuleInterop' flag
src/app/modules/auth/user.service.ts(3,31): error TS2307: Cannot find module 'src/app/shared/emailTemplate.js' or its corresponding type declarations.
src/app/modules/auth/user.service.ts(4,20): error TS2307: Cannot find module 'src/config/index.js' or its corresponding type declarations.
src/app/modules/auth/user.service.ts(5,22): error TS2307: Cannot find module 'src/errors/ApiError.js' or its corresponding type declarations.
src/app/modules/auth/user.service.ts(6,29): error TS2307: Cannot find module 'src/helpers.ts/emailHelper.js' or its corresponding type declarations.
src/app/modules/auth/user.service.ts(7,25): error TS2307: Cannot find module 'src/helpers.ts/generateOTP.js' or its corresponding type declarations.
src/app/modules/auth/user.service.ts(8,27): error TS2307: Cannot find module 'src/helpers.ts/jwtHelper.js' or its corresponding type declarations.
src/app/modules/auth/user.service.ts(9,34): error TS2307: Cannot find module 'src/helpers.ts/paginationHelper.js' or its corresponding type declarations.
src/app/modules/auth/user.service.ts(10,24): error TS2307: Cannot find module 'src/helpers.ts/prisma.js' or its corresponding type declarations.
src/app/modules/auth/user.service.ts(11,25): error TS2307: Cannot find module 'src/helpers.ts/redis.js' or its corresponding type declarations.
src/app/modules/auth/user.service.ts(15,8): error TS2307: Cannot find module 'src/types/pagination.js' or its corresponding type declarations.
